#-----------------------------------------------------------
# Vivado v2023.1 (64-bit)
# SW Build 3865809 on Sun May  7 15:05:29 MDT 2023
# IP Build 3864474 on Sun May  7 20:36:21 MDT 2023
# SharedData Build 3865790 on Sun May 07 13:33:03 MDT 2023
# Start of session at: Wed Sep 27 11:11:25 2023
# Process ID: 6032
# Current directory: C:/Users/brent/Desktop/PXLocal/EOS/project_1/project_1.runs/design_1_processing_system7_0_0_synth_1
# Command line: vivado.exe -log design_1_processing_system7_0_0.vds -product Vivado -mode batch -messageDb vivado.pb -notrace -source design_1_processing_system7_0_0.tcl
# Log file: C:/Users/brent/Desktop/PXLocal/EOS/project_1/project_1.runs/design_1_processing_system7_0_0_synth_1/design_1_processing_system7_0_0.vds
# Journal file: C:/Users/brent/Desktop/PXLocal/EOS/project_1/project_1.runs/design_1_processing_system7_0_0_synth_1\vivado.jou
# Running On: Laptop-B, OS: Windows, CPU Frequency: 1800 MHz, CPU Physical cores: 4, Host memory: 8425 MB
#-----------------------------------------------------------
source design_1_processing_system7_0_0.tcl -notrace
