#-----------------------------------------------------------
# Vivado v2023.1 (64-bit)
# SW Build 3865809 on Sun May  7 15:05:29 MDT 2023
# IP Build 3864474 on Sun May  7 20:36:21 MDT 2023
# SharedData Build 3865790 on Sun May 07 13:33:03 MDT 2023
# Start of session at: Thu Jan  4 16:59:17 2024
# Process ID: 2784
# Current directory: C:/Users/boghe/EOS_opdracht3eai/vraag1/HDMI/project_1
# Command line: vivado.exe -gui_launcher_event rodinguilauncherevent29584 C:\Users\boghe\EOS_opdracht3eai\vraag1\HDMI\project_1\project_1.xpr
# Log file: C:/Users/boghe/EOS_opdracht3eai/vraag1/HDMI/project_1/vivado.log
# Journal file: C:/Users/boghe/EOS_opdracht3eai/vraag1/HDMI/project_1\vivado.jou
# Running On: LAPTOP-ISJLH1PH, OS: Windows, CPU Frequency: 3194 MHz, CPU Physical cores: 15, Host memory: 14877 MB
#-----------------------------------------------------------
start_gui
open_project C:/Users/boghe/EOS_opdracht3eai/vraag1/HDMI/project_1/project_1.xpr
open_bd_design {C:/Users/boghe/EOS_opdracht3eai/vraag1/HDMI/project_1/project_1.srcs/sources_1/bd/design_1/design_1.bd}
update_compile_order -fileset sources_1
assign_bd_address -target_address_space /axi_vdma_0/Data_MM2S [get_bd_addr_segs processing_system7_0/S_AXI_HP0/HP0_DDR_LOWOCM] -force
assign_bd_address -target_address_space /processing_system7_0/Data [get_bd_addr_segs axi_vdma_0/S_AXI_LITE/Reg] -force
save_bd_design
reset_run synth_1
launch_runs impl_1 -to_step write_bitstream -jobs 15
wait_on_run impl_1
write_hw_platform -fixed -include_bit -force -file C:/Users/boghe/EOS_opdracht3eai/vraag1/HDMI/project_1/design_1_wrapper.xsa
