Nothing to build in platform 'design_1_wrapper'

23:54:47 **** Incremental Build of configuration Debug for project HDMI_app ****
make all 
make --no-print-directory pre-build
a9-linaro-pre-build-step
' '
make --no-print-directory main-build
'Building file: ../src/freertos_hello_world.c'
'Invoking: ARM v7 gcc compiler'
arm-none-eabi-gcc -Wall -O0 -g3 -c -fmessage-length=0 -MT"src/freertos_hello_world.o" -mcpu=cortex-a9 -mfpu=vfpv3 -mfloat-abi=hard -IC:/Users/boghe/EOS_opdracht3eai/vraag1/HDMI/vitis/design_1_wrapper/export/design_1_wrapper/sw/design_1_wrapper/freertos10_xilinx_ps7_cortexa9_0/bspinclude/include -MMD -MP -MF"src/freertos_hello_world.d" -MT"src/freertos_hello_world.o" -o "src/freertos_hello_world.o" "../src/freertos_hello_world.c"
'Finished building: ../src/freertos_hello_world.c'
' '
'Building target: HDMI_app.elf'
'Invoking: ARM v7 gcc linker'
arm-none-eabi-gcc -mcpu=cortex-a9 -mfpu=vfpv3 -mfloat-abi=hard -Wl,-build-id=none -specs=Xilinx.spec -Wl,-T -Wl,../src/lscript.ld -LC:/Users/boghe/EOS_opdracht3eai/vraag1/HDMI/vitis/design_1_wrapper/export/design_1_wrapper/sw/design_1_wrapper/freertos10_xilinx_ps7_cortexa9_0/bsplib/lib -o "HDMI_app.elf"  ./src/freertos_hello_world.o   -Wl,--start-group,-lxil,-lfreertos,-lgcc,-lc,--end-group -Wl,--start-group,-lxiltimer,-lxil,-lgcc,-lc,--end-group
'Finished building target: HDMI_app.elf'
' '
'Invoking: ARM v7 Print Size'
arm-none-eabi-size HDMI_app.elf  |tee "HDMI_app.elf.size"
   text	   data	    bss	    dec	    hex	filename
  96008	   3492	6309600	6409100	 61cb8c	HDMI_app.elf
'Finished building: HDMI_app.elf.size'
' '
