11:37:39 **** Incremental Build of configuration Release for project audio_app ****
make all 
make --no-print-directory pre-build
a9-linaro-pre-build-step
' '
make --no-print-directory main-build
'Building file: ../src/freertos_hello_world.c'
'Invoking: ARM v7 gcc compiler'
arm-none-eabi-gcc -Wall -O2 -c -fmessage-length=0 -MT"src/freertos_hello_world.o" -mcpu=cortex-a9 -mfpu=vfpv3 -mfloat-abi=hard -IC:/Users/boghe/EOS_opdracht3eai/vraag2/vitis_audio/vitis/design_1_wrapper/export/design_1_wrapper/sw/design_1_wrapper/freertos10_xilinx_ps7_cortexa9_0/bspinclude/include -MMD -MP -MF"src/freertos_hello_world.d" -MT"src/freertos_hello_world.o" -o "src/freertos_hello_world.o" "../src/freertos_hello_world.c"
'Finished building: ../src/freertos_hello_world.c'
' '
'Building target: audio_app.elf'
'Invoking: ARM v7 gcc linker'
arm-none-eabi-gcc -mcpu=cortex-a9 -mfpu=vfpv3 -mfloat-abi=hard -Wl,-build-id=none -specs=Xilinx.spec -Wl,-T -Wl,../src/lscript.ld -LC:/Users/boghe/EOS_opdracht3eai/vraag2/vitis_audio/vitis/design_1_wrapper/export/design_1_wrapper/sw/design_1_wrapper/freertos10_xilinx_ps7_cortexa9_0/bsplib/lib -o "audio_app.elf"  ./src/freertos_hello_world.o   -lm -Wl,--start-group,-lxil,-lfreertos,-lgcc,-lc,--end-group -Wl,--start-group,-lxiltimer,-lxil,-lgcc,-lc,--end-group
'Finished building target: audio_app.elf'
' '
'Invoking: ARM v7 Print Size'
arm-none-eabi-size audio_app.elf  |tee "audio_app.elf.size"
   text	   data	    bss	    dec	    hex	filename
  99048	   3416	  88912	 191376	  2eb90	audio_app.elf
'Finished building: audio_app.elf.size'
' '

11:37:40 Build Finished (took 763ms)

