Nothing to build in platform 'HW_EOS_export'

12:21:41 **** Incremental Build of configuration Debug for project HW_EOS_app ****
make all 
make --no-print-directory pre-build
a9-linaro-pre-build-step
' '
make --no-print-directory main-build
'Building file: ../src/freertos_hello_world.c'
'Invoking: ARM v7 gcc compiler'
arm-none-eabi-gcc -Wall -O0 -g3 -c -fmessage-length=0 -MT"src/freertos_hello_world.o" -mcpu=cortex-a9 -mfpu=vfpv3 -mfloat-abi=hard -IC:/Users/brent/Desktop/PXLocal/EOS/project_1/vitis/HW_EOS_export/export/HW_EOS_export/sw/HW_EOS_export/freertos10_xilinx_ps7_cortexa9_0/bspinclude/include -MMD -MP -MF"src/freertos_hello_world.d" -MT"src/freertos_hello_world.o" -o "src/freertos_hello_world.o" "../src/freertos_hello_world.c"
../src/freertos_hello_world.c: In function 'prvRxTask':
../src/freertos_hello_world.c:177:14: warning: unused variable 'Recdstring' [-Wunused-variable]
  177 |         char Recdstring[15] = "";
      |              ^~~~~~~~~~
'Finished building: ../src/freertos_hello_world.c'
' '
'Building target: HW_EOS_app.elf'
'Invoking: ARM v7 gcc linker'
arm-none-eabi-gcc -mcpu=cortex-a9 -mfpu=vfpv3 -mfloat-abi=hard -Wl,-build-id=none -specs=Xilinx.spec -Wl,-T -Wl,../src/lscript.ld -LC:/Users/brent/Desktop/PXLocal/EOS/project_1/vitis/HW_EOS_export/export/HW_EOS_export/sw/HW_EOS_export/freertos10_xilinx_ps7_cortexa9_0/bsplib/lib -o "HW_EOS_app.elf"  ./src/freertos_hello_world.o   -Wl,--start-group,-lxil,-lfreertos,-lgcc,-lc,--end-group -Wl,--start-group,-lxiltimer,-lxil,-lgcc,-lc,--end-group
'Finished building target: HW_EOS_app.elf'
' '
'Invoking: ARM v7 Print Size'
arm-none-eabi-size HW_EOS_app.elf  |tee "HW_EOS_app.elf.size"
   text	   data	    bss	    dec	    hex	filename
  84812	   3356	  88816	 176984	  2b358	HW_EOS_app.elf
'Finished building: HW_EOS_app.elf.size'
' '
